C51 COMPILER V9.52.0.0   MAIN                                                              07/31/2018 22:55:30 PAGE 1   


C51 COMPILER V9.52.0.0, COMPILATION OF MODULE MAIN
OBJECT MODULE PLACED IN main.OBJ
COMPILER INVOKED BY: C:\Keil5\C51\BIN\C51.EXE main.c BROWSE DEBUG OBJECTEXTEND TABS(2)

line level    source

   1          /*??????? ?????4?*12???,???????????  
   2          /*       TGLCMLIMIT64A????(????)  
   3              ???????:??????????? Tel:020-87592491 Fax:87541571  
   4              Email:  tinsharp@public.guangzhou.gd.cn  
   5          ;***************************************************************************  
   6          ;???:  
   7          ;*LCM---89C52*  *LCM---89C52*   *LCM-------89C52*     *LCM----------89C52* *  
   8          ;*DB0---P0.0*   *DB4---P0.4*    *D/I-------P2.6*      *CS1----------P2.4*  *  
   9          ;*DB1---P0.1*   *DB5---P0.5*    *R/W-------P2.7*      *CS2----------P2.5*  *  
  10          ;*DB2---P0.2*   *DB6---P0.6*    *RST--------VCC*      *CS3----------P3.2*  *   
  11          ;*DB3---P0.3*   *DB7---P0.7*    *E---------P2.3*                           *  
  12          ;?:89C52??????12MHz                                                 *  
  13          ;***************************************************************************/   
  14          //???????avr?c???   
  15          /*#pragma src           /*??ASM????,?????   */   
  16          #include<reg52.h>   
  17          #include<math.h>   
  18          #include<INTRINS.H>   
  19             
  20          #define Uchar unsigned char   
  21             
  22          /***********???????????***************/   
  23             
  24          sbit    Elcm=   P2^3;       //   
  25          sbit    CS1LCM= P2^4;       //   
  26          sbit    CS2LCM= P2^5;       //   
  27          sbit    CS3LCM= P3^2;       /*???????????????*/   
  28          sbit    Dilcm=  P2^6;       //   
  29          sbit    Rwlcm=  P2^7;       //   
  30          sfr Datalcm=    0x80;       //???   
  31             
  32          /***********???????????***************/   
  33          #define  DISPON     0x3f    /*??on      */   
  34          #define  DISPOFF    0x3e    /*??off     */   
  35          #define  DISPFIRST  0xc0    /*???????   */   
  36          #define  SETX       0x40    /*X??????(?)    */   
  37          #define  SETY       0xb8    /*Y??????(?)    */   
  38          #define  Lcdbusy    0x80    /*LCM????       */   
  39             
  40          /**************????????*****************/   
  41          #define  MODL       0x00    /*??            */   
  42          #define  MODM       0x40    /*???????   */   
  43          #define  MODR       0x80    /*???????   */   
  44          #define LCMLIMIT    0xC0    /*???????   */   
  45             
  46          /****************??????*******************/   
  47          Uchar col,row,cbyte;        /*?x,?(?)y,???? */   
  48          bit xy;             /*??????:1??    */   
  49             
  50          /*****************????**********************/   
  51          void Lcminit(void);     /*???????   */   
  52          void Delay(Uchar);      /*??,????Ms */   
  53          void lcdbusyL(void);        /*busy?????(??) */   
  54          void lcdbusyM(void);        /*busy?????(??) */   
  55          void lcdbusyR(void);        /*busy?????(??) */   
C51 COMPILER V9.52.0.0   MAIN                                                              07/31/2018 22:55:30 PAGE 2   

  56          void Putedot(Uchar);        /*??????        */   
  57          void Putcdot(Uchar);        /*??(??)??  */   
  58          void Wrdata(Uchar);     /*?????LCM      */   
  59          void Lcmcls( void );        /*LCM?????(??0) */   
  60          void wtcom(void);       /*??busy??      */   
  61          void Locatexy(void);        /*????      */   
  62          void WrcmdL(Uchar);     /*??????        */   
  63          void WrcmdM(Uchar);     /*??????        */   
  64          void WrcmdR(Uchar);     /*??????        */   
  65          void Putstr(Uchar *puts,Uchar i);   /*????????  */   
  66          void Rollscreen(Uchar x);   /*????????  */   
  67          void Rddata(void);      /*  ????????    */   
  68          void Linehv(Uchar length);  /*?(?)????  */   
  69          void point(void);       /*??            */   
  70          void Linexy(Uchar endx,Uchar endy);   
  71             
  72          /******************????*********************/   
  73          Uchar code Ezk[];       /*ASCII???????? */   
  74          Uchar code Hzk[];       /*????????  */   
  75          Uchar code STR1[];      /*??????        */   
  76          Uchar code STR2[];      //   
  77          Uchar code STR3[];      //   
  78          Uchar code STR4[];      //   
  79             
  80             
  81          /********************************/   
  82          /* ?????            */   
  83          /********************************/   
  84          void main(void)   
  85             
  86          {   
  87   1          Uchar x;   
  88   1          col=0;   
  89   1          row=0;   
  90   1          Delay(40);      /*????40Ms,???????  */   
  91   1          Lcminit();      /*???????,???????*/   
  92   1          Putstr(STR2,24);    /*???????,24??  */   
  93   1          col=0;   
  94   1          row=2;   
  95   1          Putstr(STR1,12);    /*???????,12??  */   
  96   1          col=0;   
  97   1          row=4;   
  98   1          Putstr(STR3,24);    /*???????,24??  */   
  99   1          col=0;   
 100   1          row=6;   
 101   1          Putstr(STR4,24);    /*???????,12??  */   
 102   1          x=0;   
 103   1          col=0;   
 104   1          row=0;   
 105   1          xy = 1;         /*???????????   */   
 106   1          Linehv(192);        /*?????(0,0)-(191,0)    */   
 107   1          col=0;   
 108   1          row=15;   
 109   1          xy = 1;   
 110   1          Linehv(192);        /*?????(0,15)-(191,15)  */   
 111   1          col=0;   
 112   1          row=32;   
 113   1          xy = 1;   
 114   1          Linehv(192);        /*?????(0,32)-(191,32)  */   
 115   1          col=0;   
 116   1          row=1;   
 117   1          xy = 0;         /*???????????   */   
C51 COMPILER V9.52.0.0   MAIN                                                              07/31/2018 22:55:30 PAGE 3   

 118   1          Linehv(31);     /*?????(0,1)-(0,31) */   
 119   1          col=191;   
 120   1          row=1;   
 121   1          xy = 0;   
 122   1          Linehv(31);     /*?????(191,1)-(191,31) */   
 123   1          col=0;          /*?????????     */   
 124   1          row=63;   
 125   1          Linexy(44,31);      /*?????(0,63)-(44,31)   */   
 126   1          col=44;   
 127   1          row=31;   
 128   1          Linexy(190,62);     /*?????(44,31)-(191,63) */   
 129   1          while(1){   
 130   2              Rollscreen(x);  /*????????? */   
 131   2              x++;   
 132   2              Delay(100); /*??,?????? */   
 133   2              };   
 134   1      }   
 135             
 136             
 137          /************************************************/   
 138          /*??????????,?????????? */   
 139          /************************************************/   
 140             
 141          void Linexy(Uchar endx,Uchar endy)   
 142          {   
 143   1          register Uchar t;   
 144   1          int xerr=0,yerr=0,delta_x,delta_y,distance;   
 145   1          Uchar incx,incy;   
 146   1         
 147   1      /*  compute the distance in both directions */   
 148   1          delta_x=endx-col;   
 149   1          delta_y=endy-row;   
 150   1         
 151   1      /* compute  the direction of the increment ,  
 152   1          an increment of "0" means either a vertical or horizontal lines */   
 153   1         
 154   1          if(delta_x>0) incx=1;   
 155   1          else if( delta_x==0 ) incx=0;   
 156   1              else incx=-1;   
 157   1         
 158   1         
 159   1          if(delta_y>0) incy=1;   
 160   1          else if( delta_y==0 ) incy=0;   
 161   1              else incy=-1;   
 162   1         
 163   1      /*  determine which distance is greater */   
 164   1          delta_x = cabs( delta_x );   
 165   1          delta_y = cabs( delta_y );   
 166   1         
 167   1          if( delta_x > delta_y ) distance=delta_x;   
 168   1          else distance=delta_y;   
 169   1         
 170   1      /* draw the line */   
 171   1          for( t=0;t <= distance+1; t++ ) {   
 172   2              point();   
 173   2             xerr += delta_x ;   
 174   2              yerr += delta_y ;   
 175   2              if( xerr > distance ) {   
 176   3                  xerr-=distance;   
 177   3                  col+=incx;   
 178   3              }   
 179   2              if( yerr > distance ) {   
C51 COMPILER V9.52.0.0   MAIN                                                              07/31/2018 22:55:30 PAGE 4   

 180   3                  yerr-=distance;   
 181   3                  row+=incy;   
 182   3              }   
 183   2         
 184   2          }   
 185   1      }   
 186             
 187          /****************************************/   
 188          /*??????X?Y???,?????    */   
 189          /****************************************/   
 190          void Linehv(Uchar length)   
 191              {   
 192   1              Uchar xs,ys;   
 193   1              if (xy){ys = col;   
 194   2                  for (xs=0;xs<length;xs++){   
 195   3                          col = ys + xs;   
 196   3                          point();}   
 197   2                      }   
 198   1              else    {xs = row;   
 199   2                  for (ys=0;ys<length;ys++){   
 200   3                          row = xs + ys;   
 201   3                          point();}   
 202   2                      }   
 203   1      }   
 204             
 205          /****************************************/   
 206          /*  ??              */   
 207          /****************************************/   
 208             
 209          void point(void)   
 210              {   
 211   1              Uchar   x1,y1,x,y;   
 212   1              x1=col;   
 213   1              y1=row;   
 214   1              row=y1>>3;        /*?Y??????  */   
 215   1              Rddata();   
 216   1              y=y1&0x07;      /*???????   */   
 217   1              x=0x01;   
 218   1              x=x<<y;           /*?????     */   
 219   1              Wrdata(cbyte|x);    /*????      */   
 220   1              col=x1;         /*??xy??        */   
 221   1              row=y1;   
 222   1          }   
 223             
 224          /****************************************/   
 225          /*  ??????          */   
 226          /****************************************/   
 227          void Rollscreen(Uchar x)   
 228              {   
 229   1              cbyte = DISPFIRST|x;    /*????????x?    */   
 230   1              WrcmdL(cbyte);   
 231   1              WrcmdM(cbyte);   
 232   1              WrcmdR(cbyte);   
 233   1          }   
 234             
 235          /****************************************/   
 236          /*  ???????         */   
 237          /****************************************/   
 238          void Putstr(Uchar *puts,Uchar i)   
 239              {   
 240   1              Uchar j,X;   
 241   1              for (j=0;j<i;j++)   
C51 COMPILER V9.52.0.0   MAIN                                                              07/31/2018 22:55:30 PAGE 5   

 242   1              {   
 243   2              X = puts[j];   
 244   2                  if (X&0x80)   
 245   2                      {   
 246   3                          Putcdot(X&0x7f);    /*????7?*/   
 247   3                      }   
 248   2                  else Putedot(X-0x20);       /*ascii???0x20??*/   
 249   2              }   
 250   1          }   
 251             
 252          /****************************************/   
 253          /*   ???????????        */   
 254          /****************************************/   
 255          void Putedot(Uchar Order)   
 256              {   
 257   1          Uchar i,bakerx,bakery;  /*???4?????         */   
 258   1          int x;          /*???,??????????UCHAR   */   
 259   1          bakerx = col;       /*??x,y??,????????? */   
 260   1          bakery = row;   
 261   1          x=Order * 0x10;     /*????,????16?? */   
 262   1      /*???????,8?    */   
 263   1          for(i=0;i<8;i++)   
 264   1              {   
 265   2              cbyte = Ezk[x];             /*????,rom??    */   
 266   2              Wrdata(cbyte);              /*??????        */   
 267   2              x++;   
 268   2              col++;   
 269   2              if (col==LCMLIMIT){col=0;row++;row++;}; /*???,???????*/   
 270   2                  if (row>7) row=0;        /*?????,????    */   
 271   2              }                   /*????????? */   
 272   1         
 273   1          col = bakerx;                   /*???       */   
 274   1          row = bakery+1;                 /*????????  */   
 275   1      /*???????,8?    */   
 276   1          for(i=0;i<8;i++)   
 277   1              {   
 278   2              cbyte = Ezk[x];             /*????      */   
 279   2              Wrdata(cbyte);              /*??????        */   
 280   2              x++;   
 281   2              col++;   
 282   2              if (col==LCMLIMIT){col=0;row=row+2;};   /*???,???????*/   
 283   2                  if (row>7) row=1;        /*?????,????    */   
 284   2              }                   /*????????? */   
 285   1          row=bakery;   
 286   1          }                       /*????????  */   
 287             
 288             
 289          /****************************************/   
 290          /*  ???????????     */   
 291          /****************************************/   
 292          void Putcdot(Uchar Order)   
 293              {   
 294   1          Uchar i,bakerx,bakery;      /*???3?????     */   
 295   1          int x;              /*???,??????????UCHAR   */   
 296   1          bakerx = col;           /*??x,y??,????????? */   
 297   1          bakery = row;   
 298   1          x=Order * 0x20;         /*????32??  */   
 299   1             
 300   1      /*???????,16?   */   
 301   1          for(i=0;i<16;i++)   
 302   1              {   
 303   2              Wrdata(Hzk[x]);             /*??????        */   
C51 COMPILER V9.52.0.0   MAIN                                                              07/31/2018 22:55:30 PAGE 6   

 304   2              x++;   
 305   2              col++;   
 306   2              if (col==LCMLIMIT){ col=0;row++;row++;} /*???,???????*/   
 307   2                  if (row>6) row=0;        /*?????,????    */   
 308   2              }                   /*????????? */   
 309   1                 
 310   1      /*???????,16?   */   
 311   1          col = bakerx;   
 312   1          row = bakery+1;   
 313   1          for(i=0;i<16;i++)                /*????*/   
 314   1              {   
 315   2              Wrdata(Hzk[x]);   
 316   2              x++;   
 317   2              col++;   
 318   2              if (col==LCMLIMIT){col=0;row++;row++;}  /*???,???????*/   
 319   2                  if (row>7) row=1;        /*?????,????    */   
 320   2              }                   /*????????? */   
 321   1          row = bakery;   
 322   1          }                       /*????????  */   
 323             
 324          /****************************************/   
 325          /*  ??,?????        */   
 326          /****************************************/   
 327          void Lcmcls( void )   
 328              {   
 329   1          for(row=0;row<8;row++)   
 330   1              for(col=0;col<LCMLIMIT;col++) Wrdata(0);   
 331   1          }   
 332             
 333          /****************************************/   
 334          /*  ????????,????????   */   
 335          /****************************************/   
 336             
 337          void Rddata(void)   
 338              {   
 339   1          Locatexy();     /*????,???????????  */   
 340   1              Datalcm=0xFF;   
 341   1              Dilcm = 1;  /*??*/   
 342   1              Rwlcm = 1;  /*???*/   
 343   1              Elcm = 1;   /*???LCM*/   
 344   1              _nop_();   
 345   1              cbyte = Datalcm;    /*???? */   
 346   1              Elcm = 0;   
 347   1          Locatexy();     /*????,???????????  */   
 348   1              Datalcm=0xFF;   
 349   1              _nop_();   
 350   1              Dilcm = 1;  /*??*/   
 351   1              Rwlcm = 1;  /*???*/   
 352   1              Elcm = 1;   /*???LCM*/   
 353   1              _nop_();   
 354   1              cbyte = Datalcm;    /*???????,?? */   
 355   1              Elcm = 0;   
 356   1          }   
 357             
 358          /****************************************/   
 359          /*  ?????           */   
 360          /****************************************/   
 361             
 362          void Wrdata(Uchar X)   
 363              {   
 364   1          Locatexy();     /*????,???????????  */   
 365   1      //  wtcom();   
C51 COMPILER V9.52.0.0   MAIN                                                              07/31/2018 22:55:30 PAGE 7   

 366   1              Dilcm = 1;  /*????*/   
 367   1              Rwlcm = 0;  /*???  */   
 368   1              Datalcm = X;    /*???????? */   
 369   1              Elcm = 1;   /*???LCM*/   
 370   1              _nop_();   
 371   1              Elcm = 0;   
 372   1          }   
 373             
 374          /****************************************/   
 375          /* ????,??????????? */   
 376          /****************************************/   
 377             
 378          /*void Wrcmd(Uchar X)  
 379          //  {  
 380          //  Locatexy();     /*????,???????????  */   
 381          //  wtcom();        /*??LCM???? */   
 382          //      Dilcm = 0;          /*????  */   
 383          //      Rwlcm = 0;          /*???   */   
 384          //      Datalcm = X;            /*???????? */   
 385          //      Elcm = 1;_nop_();Elcm = 0;  /*???LCM*/   
 386          //  }   
 387             
 388          /********************************/   
 389          /* ??????????       */   
 390          /********************************/   
 391             
 392          void WrcmdL(Uchar X)   
 393              {   
 394   1              lcdbusyL();     /*????,???????????*/   
 395   1              Dilcm = 0;          /*????  */   
 396   1              Rwlcm = 0;          /*???   */   
 397   1              Datalcm = X;            /*???????? */   
 398   1              Elcm = 1;_nop_();Elcm = 0;  /*???LCM*/   
 399   1          }   
 400             
 401          /********************************/   
 402          /* ??????????       */   
 403          /********************************/   
 404             
 405          void WrcmdM(Uchar X)   
 406              {   
 407   1              lcdbusyM();     /*????,???????????*/   
 408   1              Dilcm = 0;          /*????  */   
 409   1              Rwlcm = 0;          /*???   */   
 410   1              Datalcm = X;            /*???????? */   
 411   1              Elcm = 1;_nop_();Elcm = 0;  /*???LCM*/   
 412   1          }   
 413             
 414          /********************************/   
 415          /* ??????????       */   
 416          /********************************/   
 417             
 418          void WrcmdR(Uchar X)   
 419              {   
 420   1              lcdbusyR(); /*????,???????????  */   
 421   1              Dilcm = 0;          /*????  */   
 422   1              Rwlcm = 0;          /*???   */   
 423   1              Datalcm = X;            /*???????? */   
 424   1              Elcm = 1;_nop_();Elcm = 0;  /*???LCM*/   
 425   1          }   
 426             
 427          /********************************************************/   
C51 COMPILER V9.52.0.0   MAIN                                                              07/31/2018 22:55:30 PAGE 8   

 428          /* ????????,???????????     */   
 429          /********************************************************/   
 430          void lcdbusyL(void)   
 431              {   
 432   1              CS1LCM = 0;     /*CLR   CS1     */   
 433   1              CS2LCM = 1;     /*SETB  CS2     */   
 434   1              CS3LCM = 1;     /*SETB  CS3     */   
 435   1          wtcom();        /* waitting for enable  */   
 436   1          }   
 437             
 438          void lcdbusyM(void)   
 439              {   
 440   1              CS1LCM = 1;     /*SETB  CS1     */   
 441   1              CS2LCM = 0;     /*CLR   CS2     */   
 442   1              CS3LCM = 1;     /*SETB  CS3     */   
 443   1          wtcom();        /* waitting for enable  */   
 444   1          }   
 445             
 446          void lcdbusyR(void)   
 447              {   
 448   1              CS1LCM = 1;     /*SETB  CS1     */   
 449   1              CS2LCM = 1;     /*SETB  CS2     */   
 450   1              CS3LCM = 0;     /*CLR   CS3     */   
 451   1          wtcom();        /* waitting for enable  */   
 452   1          }   
 453             
 454          void wtcom(void)   
 455              {   
 456   1          Dilcm = 0;      /*CLR   DI      */   
 457   1          Rwlcm = 1;      /*SETB  RW      */   
 458   1              Datalcm = 0xFF;     /*MOV   DATA_LCM,#0FFH  */   
 459   1          Elcm  = 1;_nop_();         
 460   1              while(Datalcm & Lcdbusy);   
 461   1              Elcm  = 0;   
 462   1          }   
 463             
 464          /********************************************************/   
 465          /*?????????,??LCM???????????    */   
 466          /********************************************************/   
 467          void Locatexy(void)   
 468              {   
 469   1          unsigned char  x,y;   
 470   1          switch (col&0xc0)       /*  col.and.0xC0    */   
 471   1              {           /*??????        */   
 472   2              case 0:     {lcdbusyL();break;} /*??    */   
 473   2              case 0x40:  {lcdbusyM();break;} /*??    */   
 474   2              case 0x80:  {lcdbusyR();break;} /*??    */   
 475   2              }   
 476   1          x = col&0x3F|SETX;      /*  col.and.0x3f.or.setx    */   
 477   1          y = row&0x07|SETY;      /*  row.and.0x07.or.sety    */   
 478   1              wtcom();        /*  waitting for enable     */   
 479   1              Dilcm = 0;          /*CLR   DI  */   
 480   1              Rwlcm = 0;          /*CLR   RW  */   
 481   1              Datalcm = y;            /*MOV   P0,Y    */   
 482   1              Elcm = 1;_nop_();Elcm = 0;   
 483   1              wtcom();        /*  waitting for enable     */   
 484   1              Dilcm = 0;          /*CLR   DI  */   
 485   1              Rwlcm = 0;          /*CLR   RW  */   
 486   1              Datalcm = x;            /*MOV   P0,X    */   
 487   1              Elcm = 1;_nop_();Elcm = 0;   
 488   1          }   
 489             
C51 COMPILER V9.52.0.0   MAIN                                                              07/31/2018 22:55:30 PAGE 9   

 490          /********************************/   
 491          /*??????            */   
 492          /********************************/   
 493             
 494          void Lcminit(void)   
 495              {   
 496   1              cbyte = DISPOFF;    /*????? */   
 497   1              WrcmdL(cbyte);   
 498   1              WrcmdM(cbyte);   
 499   1              WrcmdR(cbyte);   
 500   1              cbyte = DISPON;     /*????? */   
 501   1              WrcmdL(cbyte);   
 502   1              WrcmdM(cbyte);   
 503   1              WrcmdR(cbyte);   
 504   1              cbyte = DISPFIRST;  /*????????? */   
 505   1              WrcmdL(cbyte);   
 506   1              WrcmdM(cbyte);   
 507   1              WrcmdR(cbyte);   
 508   1              Lcmcls();   
 509   1              col=0;      /*??        */   
 510   1              row=0;   
 511   1              Locatexy();   
 512   1          }   
 513          /********************************/   
 514          /* ??               */   
 515          /********************************/   
 516          void Delay(Uchar MS)   
 517              {   
 518   1              Uchar us,usn;   
 519   1              while(MS!=0)   
 520   1                  { usn = 4;   
 521   2                      while(usn!=0)   
 522   2                          {   
 523   3                              us=0xf0;   
 524   3                              while (us!=0){us--;};   
 525   3                              usn--;   
 526   3                          }   
 527   2                      MS--;   
 528   2                  }   
 529   1          }   
 530             
 531          /********************************/   
 532          //???????       */   
 533          /********************************/   
 534             
 535          Uchar code STR1[]=   
 536                  {   
 537                  0x80,0x81,0x82,0x83,0x84,0x85,   
 538                  0x86,0x87,0x88,0x89,0x8a,0x8B   
 539                  };   
 540                         
 541          Uchar code STR2[]="Our friend over the wold";   
 542          Uchar code STR3[]="Program by Keil C51 6.12";   
 543          Uchar code STR4[]="Thank you ~v~ 1234567890";   
 544             
 545          /********************************/   
 546          /*  ??????      */   
 547          /********************************/   
 548             
 549          Uchar code Hzk[]={   
 550          /*? C3515   0   */   
 551               0x04,0x04,0xC4,0x44,0x5F,0x44,0x44,0xF4,   
C51 COMPILER V9.52.0.0   MAIN                                                              07/31/2018 22:55:30 PAGE 10  

 552               0x44,0x4F,0x54,0x64,0x44,0x46,0x04,0x00,   
 553               0x80,0x40,0x3F,0x00,0x40,0x40,0x20,0x20,   
 554               0x13,0x0C,0x18,0x24,0x43,0x80,0xE0,0x00,   
 555          /*? C4843   1   */   
 556               0x00,0xFE,0x4A,0x4A,0x00,0xFE,0xEA,0xAA,   
 557               0xAA,0xFE,0x00,0x4A,0x4A,0xFE,0x00,0x00,   
 558               0x02,0x83,0x42,0x22,0x12,0x1B,0x02,0x02,   
 559               0x02,0x0B,0x12,0x22,0x62,0xC3,0x02,0x00,   
 560          /*? C2590   2   */   
 561               0x00,0xFE,0x02,0xD2,0x52,0x52,0xD2,0x3E,   
 562               0xD2,0x16,0x1A,0x12,0xFF,0x02,0x00,0x00,   
 563               0x00,0xFF,0x50,0x53,0x52,0x4A,0x6B,0x50,   
 564               0x4F,0x54,0x7B,0x40,0xFF,0x00,0x00,0x00,   
 565          /*? C2842   3   */   
 566               0x00,0xFE,0x22,0xD2,0x0E,0x20,0xB8,0x4F,   
 567               0xB2,0x9E,0x80,0x9F,0x72,0x8A,0x06,0x00,   
 568               0x00,0xFF,0x04,0x08,0x07,0x21,0x12,0x0A,   
 569               0x46,0x82,0x7E,0x06,0x0A,0x12,0x31,0x00,   
 570          /*( C0308   4   */   
 571               0x00,0x00,0x00,0x00,0x00,0x00,0x00,0x00,   
 572               0x00,0xC0,0x30,0x08,0x04,0x02,0x00,0x00,   
 573               0x00,0x00,0x00,0x00,0x00,0x00,0x00,0x00,   
 574               0x00,0x03,0x0C,0x10,0x20,0x40,0x00,0x00,   
 575          /*? C2567   5   */   
 576               0x00,0x00,0xFC,0x44,0x54,0x54,0x7C,0x55,   
 577               0xD6,0x54,0x7C,0x54,0x54,0x44,0x44,0x00,   
 578               0x80,0x60,0x1F,0x80,0x9F,0x55,0x35,0x15,   
 579               0x1F,0x15,0x15,0x35,0x5F,0x80,0x00,0x00,   
 580          /*? C2211   6   */   
 581               0x00,0x08,0xE8,0xA8,0xA8,0xA8,0xA8,0xFF,   
 582               0xA8,0xA8,0xA8,0xA8,0xE8,0x0C,0x08,0x00,   
 583               0x00,0x40,0x23,0x12,0x0A,0x06,0x02,0xFF,   
 584               0x02,0x06,0x0A,0x12,0x23,0x60,0x20,0x00,   
 585          /*) C0309   7   */   
 586               0x00,0x00,0x02,0x04,0x08,0x30,0xC0,0x00,   
 587               0x00,0x00,0x00,0x00,0x00,0x00,0x00,0x00,   
 588               0x00,0x00,0x40,0x20,0x10,0x0C,0x03,0x00,   
 589               0x00,0x00,0x00,0x00,0x00,0x00,0x00,0x00,   
 590          /*? C5148   8   */   
 591               0x04,0x04,0x04,0x84,0xE4,0x3C,0x27,0x24,   
 592               0x24,0x24,0x24,0xF4,0x24,0x06,0x04,0x00,   
 593               0x04,0x02,0x01,0x00,0xFF,0x09,0x09,0x09,   
 594               0x09,0x49,0x89,0x7F,0x00,0x00,0x00,0x00,   
 595          /*? C4762   9   */   
 596               0x00,0xFE,0x02,0x22,0xDA,0x06,0x00,0xFE,   
 597               0x92,0x92,0x92,0x92,0xFF,0x02,0x00,0x00,   
 598               0x00,0xFF,0x08,0x10,0x08,0x07,0x00,0xFF,   
 599               0x42,0x24,0x08,0x14,0x22,0x61,0x20,0x00,   
 600          /*? C2511   10  */   
 601               0x00,0x00,0x80,0x40,0x30,0x0C,0x00,0xC0,   
 602               0x07,0x1A,0x20,0x40,0x80,0x80,0x80,0x00,   
 603               0x01,0x01,0x20,0x70,0x28,0x24,0x23,0x20,   
 604               0x20,0x28,0x30,0x60,0x00,0x01,0x00,0x00,   
 605          /*? C4330   11  */   
 606               0x10,0x10,0x92,0x92,0x92,0x92,0x92,0x92,   
 607               0xD2,0x9A,0x12,0x02,0xFF,0x02,0x00,0x00,   
 608               0x00,0x00,0x3F,0x10,0x10,0x10,0x10,0x10,   
 609               0x3F,0x00,0x40,0x80,0x7F,0x00,0x00,0x00,   
 610          };   
 611          /****************************************/   
 612          /* ??ASCII??8?*16?      */   
 613          /****************************************/   
C51 COMPILER V9.52.0.0   MAIN                                                              07/31/2018 22:55:30 PAGE 11  

 614             
 615          Uchar code Ezk[]={   
 616          /*-??: --0x20   */   
 617               0x00,0x00,0x00,0x00,0x00,0x00,0x00,0x00,   
 618               0x00,0x00,0x00,0x00,0x00,0x00,0x00,0x00,   
 619          /*-??:!--0x21   */   
 620               0x00,0x00,0x00,0xF8,0x00,0x00,0x00,0x00,   
 621               0x00,0x00,0x00,0x27,0x00,0x00,0x00,0x00,   
 622          /*-??:"--0x22   */   
 623               0x00,0x08,0x04,0x02,0x08,0x04,0x02,0x00,   
 624               0x00,0x00,0x00,0x00,0x00,0x00,0x00,0x00,   
 625          /*-??:#--0x23   */   
 626               0x40,0x40,0xF8,0x40,0x40,0xF8,0x40,0x00,   
 627               0x04,0x3F,0x04,0x04,0x3F,0x04,0x04,0x00,   
 628          /*-??:$--0x24   */   
 629               0x00,0x70,0x88,0xFC,0x08,0x08,0x30,0x00,   
 630               0x00,0x1C,0x20,0xFF,0x21,0x22,0x1C,0x00,   
 631          /*-??:%--0x25   */   
 632               0xF0,0x08,0xF0,0x80,0x70,0x08,0x00,0x00,   
 633               0x00,0x31,0x0E,0x01,0x1E,0x21,0x1E,0x00,   
 634          /*-??:&--0x26   */   
 635               0x00,0xF0,0x08,0x88,0x70,0x00,0x00,0x00,   
 636               0x1E,0x21,0x23,0x24,0x18,0x16,0x20,0x00,   
 637          /*-??:'--0x27   */   
 638               0x20,0x18,0x00,0x00,0x00,0x00,0x00,0x00,   
 639               0x00,0x00,0x00,0x00,0x00,0x00,0x00,0x00,   
 640          /*-??:(--0x28   */   
 641               0x00,0x00,0x00,0x00,0xC0,0x30,0x08,0x04,   
 642               0x00,0x00,0x00,0x00,0x03,0x0C,0x10,0x20,   
 643          /*-??:)--0x29   */   
 644               0x04,0x08,0x30,0xC0,0x00,0x00,0x00,0x00,   
 645               0x20,0x10,0x0C,0x03,0x00,0x00,0x00,0x00,   
 646          /*-??:*--0x2a   */   
 647               0x40,0x40,0x80,0xF0,0x80,0x40,0x40,0x00,   
 648               0x02,0x02,0x01,0x0F,0x01,0x02,0x02,0x00,   
 649          /*-??:+--0x2b   */   
 650               0x00,0x00,0x00,0xE0,0x00,0x00,0x00,0x00,   
 651               0x01,0x01,0x01,0x0F,0x01,0x01,0x01,0x00,   
 652          /*-??:,--0x2c   */   
 653               0x00,0x00,0x00,0x00,0x00,0x00,0x00,0x00,   
 654               0x80,0x60,0x00,0x00,0x00,0x00,0x00,0x00,   
 655          /*-??:---0x2d   */   
 656               0x00,0x00,0x00,0x00,0x00,0x00,0x00,0x00,   
 657               0x01,0x01,0x01,0x01,0x01,0x01,0x01,0x00,   
 658          /*-??:.--0x2e   */   
 659               0x00,0x00,0x00,0x00,0x00,0x00,0x00,0x00,   
 660               0x00,0x20,0x00,0x00,0x00,0x00,0x00,0x00,   
 661          /*-??:/--ox2f   */   
 662               0x00,0x00,0x00,0x00,0x00,0xE0,0x18,0x04,   
 663               0x00,0x40,0x30,0x0C,0x03,0x00,0x00,0x00,   
 664          /*-??:0--0x30   */   
 665               0x00,0xE0,0x10,0x08,0x08,0x10,0xE0,0x00,   
 666               0x00,0x0F,0x10,0x20,0x20,0x10,0x0F,0x00,   
 667          /*-??:1--0x31   */   
 668               0x00,0x10,0x10,0xF8,0x00,0x00,0x00,0x00,   
 669               0x00,0x20,0x20,0x3F,0x20,0x20,0x00,0x00,   
 670          /*-??:2--0x32   */   
 671               0x00,0x70,0x08,0x08,0x08,0x88,0x70,0x00,   
 672               0x00,0x30,0x28,0x24,0x22,0x21,0x30,0x00,   
 673          /*-??:3--0x33   */   
 674               0x00,0x30,0x08,0x88,0x88,0x48,0x30,0x00,   
 675               0x00,0x18,0x20,0x20,0x20,0x11,0x0E,0x00,   
C51 COMPILER V9.52.0.0   MAIN                                                              07/31/2018 22:55:30 PAGE 12  

 676          /*-??:4--0x34   */   
 677               0x00,0x00,0xC0,0x20,0x10,0xF8,0x00,0x00,   
 678               0x00,0x07,0x04,0x24,0x24,0x3F,0x24,0x00,   
 679          /*-??:5--0x35   */   
 680               0x00,0xF8,0x08,0x88,0x88,0x08,0x08,0x00,   
 681               0x00,0x19,0x21,0x20,0x20,0x11,0x0E,0x00,   
 682          /*-??:6--0x36   */   
 683               0x00,0xE0,0x10,0x88,0x88,0x18,0x00,0x00,   
 684               0x00,0x0F,0x11,0x20,0x20,0x11,0x0E,0x00,   
 685          /*-??:7--0x37   */   
 686               0x00,0x38,0x08,0x08,0xC8,0x38,0x08,0x00,   
 687               0x00,0x00,0x00,0x3F,0x00,0x00,0x00,0x00,   
 688          /*-??:8--0x38   */   
 689               0x00,0x70,0x88,0x08,0x08,0x88,0x70,0x00,   
 690               0x00,0x1C,0x22,0x21,0x21,0x22,0x1C,0x00,   
 691          /*-??:9--0x39   */   
 692               0x00,0xE0,0x10,0x08,0x08,0x10,0xE0,0x00,   
 693               0x00,0x00,0x31,0x22,0x22,0x11,0x0F,0x00,   
 694          /*-??::--   */   
 695               0x00,0x00,0x60,0x60,0x00,0x00,0x00,0x00,   
 696               0x00,0x00,0x18,0x18,0x00,0x00,0x00,0x00,   
 697          /*-??:/--   */   
 698               0x00,0x00,0x00,0x80,0x00,0x00,0x00,0x00,   
 699               0x00,0x00,0x80,0x60,0x00,0x00,0x00,0x00,   
 700          /*-??:<--    */   
 701               0x00,0x00,0x80,0x40,0x20,0x10,0x08,0x00,   
 702               0x00,0x01,0x02,0x04,0x08,0x10,0x20,0x00,   
 703          /*-??:=--   */   
 704               0x40,0x40,0x40,0x40,0x40,0x40,0x40,0x00,   
 705               0x04,0x04,0x04,0x04,0x04,0x04,0x04,0x00,   
 706          /*-??:>--    */   
 707               0x00,0x08,0x10,0x20,0x40,0x80,0x00,0x00,   
 708               0x00,0x20,0x10,0x08,0x04,0x02,0x01,0x00,   
 709          /*-??:?--   */   
 710               0x00,0x30,0x08,0x08,0x08,0x88,0x70,0x00,   
 711               0x00,0x00,0x00,0x26,0x01,0x00,0x00,0x00,   
 712          /*-??:@--   */   
 713               0xC0,0x30,0xC8,0x28,0xE8,0x10,0xE0,0x00,   
 714               0x07,0x18,0x27,0x28,0x27,0x28,0x07,0x00,   
 715          /*-??:A--   */   
 716               0x00,0x00,0xE0,0x18,0x18,0xE0,0x00,0x00,   
 717               0x30,0x0F,0x04,0x04,0x04,0x04,0x0F,0x30,   
 718          /*-??:B--   */   
 719               0xF8,0x08,0x08,0x08,0x08,0x90,0x60,0x00,   
 720               0x3F,0x21,0x21,0x21,0x21,0x12,0x0C,0x00,   
 721          /*-??:C--   */   
 722               0xE0,0x10,0x08,0x08,0x08,0x10,0x60,0x00,   
 723               0x0F,0x10,0x20,0x20,0x20,0x10,0x0C,0x00,   
 724          /*-??:D--   */   
 725               0xF8,0x08,0x08,0x08,0x08,0x10,0xE0,0x00,   
 726               0x3F,0x20,0x20,0x20,0x20,0x10,0x0F,0x00,   
 727          /*-??:E--   */   
 728               0x00,0xF8,0x08,0x08,0x08,0x08,0x08,0x00,   
 729               0x00,0x3F,0x21,0x21,0x21,0x21,0x20,0x00,   
 730          /*-??:F--   */   
 731               0xF8,0x08,0x08,0x08,0x08,0x08,0x08,0x00,   
 732               0x3F,0x01,0x01,0x01,0x01,0x01,0x00,0x00,   
 733          /*-??:G--   */   
 734               0xE0,0x10,0x08,0x08,0x08,0x10,0x60,0x00,   
 735               0x0F,0x10,0x20,0x20,0x21,0x11,0x3F,0x00,   
 736          /*-??:H--   */   
 737               0x00,0xF8,0x00,0x00,0x00,0x00,0xF8,0x00,   
C51 COMPILER V9.52.0.0   MAIN                                                              07/31/2018 22:55:30 PAGE 13  

 738               0x00,0x3F,0x01,0x01,0x01,0x01,0x3F,0x00,   
 739          /*-??:I--   */   
 740               0x00,0x00,0x00,0xF8,0x00,0x00,0x00,0x00,   
 741               0x00,0x00,0x00,0x3F,0x00,0x00,0x00,0x00,   
 742          /*-??:J--   */   
 743               0x00,0x00,0x00,0x00,0x00,0x00,0xF8,0x00,   
 744               0x00,0x1C,0x20,0x20,0x20,0x20,0x1F,0x00,   
 745          /*-??:K--   */   
 746               0x00,0xF8,0x00,0x80,0x40,0x20,0x10,0x08,   
 747               0x00,0x3F,0x01,0x00,0x03,0x04,0x18,0x20,   
 748          /*-??:L--   */   
 749               0xF8,0x00,0x00,0x00,0x00,0x00,0x00,0x00,   
 750               0x3F,0x20,0x20,0x20,0x20,0x20,0x20,0x00,   
 751          /*-??:M--   */   
 752               0xF8,0xE0,0x00,0x00,0x00,0xE0,0xF8,0x00,   
 753               0x3F,0x00,0x0F,0x30,0x0F,0x00,0x3F,0x00,   
 754          /*-??:N--   */   
 755               0x00,0xF8,0x30,0xC0,0x00,0x00,0xF8,0x00,   
 756               0x00,0x3F,0x00,0x01,0x06,0x18,0x3F,0x00,   
 757          /*-??:O--   */   
 758               0x00,0xE0,0x10,0x08,0x08,0x10,0xE0,0x00,   
 759               0x00,0x0F,0x10,0x20,0x20,0x10,0x0F,0x00,   
 760          /*-??:P--   */   
 761               0xF8,0x08,0x08,0x08,0x08,0x10,0xE0,0x00,   
 762               0x3F,0x02,0x02,0x02,0x02,0x01,0x00,0x00,   
 763          /*-??:Q--   */   
 764               0x00,0xE0,0x10,0x08,0x08,0x10,0xE0,0x00,   
 765               0x00,0x0F,0x10,0x20,0x2C,0x10,0x2F,0x00,   
 766          /*-??:R--   */   
 767               0xF8,0x08,0x08,0x08,0x08,0x90,0x60,0x00,   
 768               0x3F,0x01,0x01,0x01,0x07,0x18,0x20,0x00,   
 769          /*-??:S--   */   
 770               0x60,0x90,0x88,0x08,0x08,0x10,0x20,0x00,   
 771               0x0C,0x10,0x20,0x21,0x21,0x12,0x0C,0x00,   
 772          /*-??:T--   */   
 773               0x08,0x08,0x08,0xF8,0x08,0x08,0x08,0x00,   
 774               0x00,0x00,0x00,0x3F,0x00,0x00,0x00,0x00,   
 775          /*-??:U--   */   
 776               0xF8,0x00,0x00,0x00,0x00,0x00,0xF8,0x00,   
 777               0x0F,0x10,0x20,0x20,0x20,0x10,0x0F,0x00,   
 778          /*-??:V--   */   
 779               0x18,0xE0,0x00,0x00,0x00,0xE0,0x18,0x00,   
 780               0x00,0x01,0x0E,0x30,0x0E,0x01,0x00,0x00,   
 781          /*-??:W--   */   
 782               0xF8,0x00,0xC0,0x38,0xC0,0x00,0xF8,0x00,   
 783               0x03,0x3C,0x03,0x00,0x03,0x3C,0x03,0x00,   
 784          /*-??:X--   */   
 785               0x08,0x30,0xC0,0x00,0xC0,0x30,0x08,0x00,   
 786               0x20,0x18,0x06,0x01,0x06,0x18,0x20,0x00,   
 787          /*-??:Y--   */   
 788               0x08,0x30,0xC0,0x00,0xC0,0x30,0x08,0x00,   
 789               0x00,0x00,0x00,0x3F,0x00,0x00,0x00,0x00,   
 790          /*-??:Z--   */   
 791               0x08,0x08,0x08,0x08,0xC8,0x28,0x18,0x00,   
 792               0x30,0x2C,0x22,0x21,0x20,0x20,0x20,0x00,   
 793          /*-??:{--   */   
 794               0x00,0x00,0x00,0x80,0x7E,0x02,0x00,0x00,   
 795               0x00,0x00,0x00,0x00,0x3F,0x20,0x00,0x00,   
 796          /*-??:\--   */   
 797               0x00,0x08,0x70,0x80,0x00,0x00,0x00,0x00,   
 798               0x00,0x00,0x00,0x01,0x0E,0x30,0xC0,0x00,   
 799          /*-??:}--   */   
C51 COMPILER V9.52.0.0   MAIN                                                              07/31/2018 22:55:30 PAGE 14  

 800               0x00,0x02,0x7E,0x80,0x00,0x00,0x00,0x00,   
 801               0x00,0x20,0x3F,0x00,0x00,0x00,0x00,0x00,   
 802          /*-??:^--   */   
 803               0x00,0x08,0x04,0x02,0x02,0x04,0x08,0x00,   
 804               0x00,0x00,0x00,0x00,0x00,0x00,0x00,0x00,   
 805          /*-??:_--   */   
 806               0x00,0x00,0x00,0x00,0x00,0x00,0x00,0x00,   
 807               0x80,0x80,0x80,0x80,0x80,0x80,0x80,0x80,   
 808          /*-??:`--   */   
 809               0x00,0x00,0x02,0x06,0x04,0x08,0x00,0x00,   
 810               0x00,0x00,0x00,0x00,0x00,0x00,0x00,0x00,   
 811          /*-??:a--   */   
 812               0x00,0x00,0x80,0x80,0x80,0x80,0x00,0x00,   
 813               0x00,0x19,0x24,0x24,0x24,0x14,0x3F,0x00,   
 814          /*-??:b--   */   
 815               0x00,0xF8,0x00,0x80,0x80,0x80,0x00,0x00,   
 816               0x00,0x3F,0x11,0x20,0x20,0x20,0x1F,0x00,   
 817          /*-??:c--   */   
 818               0x00,0x00,0x80,0x80,0x80,0x80,0x00,0x00,   
 819               0x0E,0x11,0x20,0x20,0x20,0x20,0x11,0x00,   
 820          /*-??:d--   */   
 821               0x00,0x00,0x80,0x80,0x80,0x00,0xF8,0x00,   
 822               0x00,0x1F,0x20,0x20,0x20,0x11,0x3F,0x00,   
 823          /*-??:e--   */   
 824               0x00,0x00,0x80,0x80,0x80,0x00,0x00,0x00,   
 825               0x0E,0x15,0x24,0x24,0x24,0x25,0x16,0x00,   
 826          /*-??:f--   */   
 827               0x00,0x80,0x80,0xF0,0x88,0x88,0x88,0x00,   
 828               0x00,0x00,0x00,0x3F,0x00,0x00,0x00,0x00,   
 829          /*-??:g--   */   
 830               0x00,0x00,0x80,0x80,0x80,0x80,0x80,0x00,   
 831               0x40,0xB7,0xA8,0xA8,0xA8,0xA7,0x40,0x00,   
 832          /*-??:h--   */   
 833               0x00,0xF8,0x00,0x80,0x80,0x80,0x00,0x00,   
 834               0x00,0x3F,0x01,0x00,0x00,0x00,0x3F,0x00,   
 835          /*-??:i--   */   
 836               0x00,0x00,0x00,0x98,0x00,0x00,0x00,0x00,   
 837               0x00,0x00,0x00,0x3F,0x00,0x00,0x00,0x00,   
 838          /*-??:j--   */   
 839               0x00,0x00,0x00,0x00,0x98,0x00,0x00,0x00,   
 840               0x00,0x80,0x80,0x80,0x7F,0x00,0x00,0x00,   
 841          /*-??:k--   */   
 842               0x00,0xF8,0x00,0x00,0x00,0x80,0x00,0x00,   
 843               0x00,0x3F,0x04,0x02,0x0D,0x10,0x20,0x00,   
 844          /*-??:l--   */   
 845               0x00,0x00,0x00,0xF8,0x00,0x00,0x00,0x00,   
 846               0x00,0x00,0x00,0x3F,0x00,0x00,0x00,0x00,   
 847          /*-??:m--   */   
 848               0x80,0x80,0x80,0x80,0x80,0x80,0x00,0x00,   
 849               0x3F,0x00,0x00,0x3F,0x00,0x00,0x3F,0x00,   
 850          /*-??:n--   */   
 851               0x00,0x80,0x00,0x80,0x80,0x80,0x00,0x00,   
 852               0x00,0x3F,0x01,0x00,0x00,0x00,0x3F,0x00,   
 853          /*-??:o--   */   
 854               0x00,0x00,0x80,0x80,0x80,0x00,0x00,0x00,   
 855               0x0E,0x11,0x20,0x20,0x20,0x11,0x0E,0x00,   
 856          /*-??:p--   */   
 857               0x00,0x80,0x00,0x80,0x80,0x80,0x00,0x00,   
 858               0x00,0xFF,0x11,0x20,0x20,0x20,0x1F,0x00,   
 859          /*-??:q--   */   
 860               0x00,0x00,0x80,0x80,0x80,0x00,0x80,0x00,   
 861               0x00,0x1F,0x20,0x20,0x20,0x11,0xFF,0x00,   
C51 COMPILER V9.52.0.0   MAIN                                                              07/31/2018 22:55:30 PAGE 15  

 862          /*-??:r--   */   
 863               0x00,0x00,0x80,0x00,0x00,0x80,0x80,0x00,   
 864               0x00,0x00,0x3F,0x01,0x01,0x00,0x00,0x00,   
 865          /*-??:s--   */   
 866               0x00,0x00,0x80,0x80,0x80,0x80,0x00,0x00,   
 867               0x00,0x13,0x24,0x24,0x24,0x24,0x19,0x00,   
 868          /*-??:t--   */   
 869               0x00,0x80,0x80,0xE0,0x80,0x80,0x80,0x00,   
 870               0x00,0x00,0x00,0x1F,0x20,0x20,0x20,0x00,   
 871          /*-??:u--   */   
 872               0x00,0x80,0x00,0x00,0x00,0x00,0x80,0x00,   
 873               0x00,0x1F,0x20,0x20,0x20,0x10,0x3F,0x00,   
 874          /*-??:v--   */   
 875               0x80,0x00,0x00,0x00,0x00,0x00,0x80,0x00,   
 876               0x00,0x07,0x18,0x20,0x18,0x07,0x00,0x00,   
 877          /*-??:w--   */   
 878               0x80,0x00,0x00,0x80,0x00,0x00,0x80,0x00,   
 879               0x0F,0x30,0x0E,0x01,0x0E,0x30,0x0F,0x00,   
 880          /*-??:x--   */   
 881               0x80,0x00,0x00,0x00,0x00,0x00,0x80,0x00,   
 882               0x20,0x11,0x0A,0x04,0x0A,0x11,0x20,0x00,   
 883          /*-??:y--   */   
 884               0x80,0x00,0x00,0x00,0x00,0x00,0x80,0x00,   
 885               0x00,0x87,0x98,0x60,0x18,0x07,0x00,0x00,   
 886          /*-??:z--   */   
 887               0x00,0x80,0x80,0x80,0x80,0x80,0x80,0x00,   
 888               0x00,0x30,0x28,0x24,0x22,0x21,0x20,0x00,   
 889          /*-??:{--   */   
 890               0x00,0x00,0x00,0x80,0x7E,0x02,0x00,0x00,   
 891               0x00,0x00,0x00,0x00,0x3F,0x20,0x00,0x00,   
 892          /*-??:|--   */   
 893               0x00,0x00,0x00,0xFF,0x00,0x00,0x00,0x00,   
 894               0x00,0x00,0x00,0xFF,0x00,0x00,0x00,0x00,   
 895          /*-??:}--   */   
 896               0x00,0x02,0x7E,0x80,0x00,0x00,0x00,0x00,   
 897               0x00,0x20,0x3F,0x00,0x00,0x00,0x00,0x00,   
 898          /*-??:~--   */   
 899               0x00,0x06,0x01,0x01,0x06,0x04,0x03,0x00,   
 900               0x00,0x00,0x00,0x00,0x00,0x00,0x00,0x00,   
 901          };   
 902             


MODULE INFORMATION:   STATIC OVERLAYABLE
   CODE SIZE        =   1261    ----
   CONSTANT SIZE    =   1991    ----
   XDATA SIZE       =   ----    ----
   PDATA SIZE       =   ----    ----
   DATA SIZE        =      3      39
   IDATA SIZE       =   ----    ----
   BIT SIZE         =      1    ----
END OF MODULE INFORMATION.


C51 COMPILATION COMPLETE.  0 WARNING(S),  0 ERROR(S)
